-------------------------------
Bulletin 17C (Java) Frequency Analysis
    04 Aug 2026   09:34 AM
Computed By: HEC-SSP Version 2.3
-------------------------------


--- Input Data ---

Analysis Name: CAS_2026_3
Description: 

Data Set Name: CAS_2026_3-CASTLEROCK-FLOW-UNREG
DSS File Name: C:\Projects\REPO\CAS_Unreg_FF\ssp\2026_Restudy\2026_Restudy.dss
DSS Pathname: //CASTLEROCK/FLOW-UNREG/01jan1900/IR-YEAR/3-DAY-MOS-HOLDOUT/

Report File Name: C:\Projects\REPO\CAS_Unreg_FF\ssp\2026_Restudy\Bulletin17Results\CAS_2026_3\CAS_2026_3.rpt
XML File Name: C:\Projects\REPO\CAS_Unreg_FF\ssp\2026_Restudy\Bulletin17Results\CAS_2026_3\CAS_2026_3.xml
Output DSS File Name: C:\Projects\REPO\CAS_Unreg_FF\ssp\2026_Restudy\Bulletin17Results\CAS_2026_3\CAS_2026_3.dss

Start Date: 01 Oct 1928
End Date:   30 Sep 2026

Skew Option: Use Weighted Skew
Regional Skew: 0.07
Regional Skew MSE: 0.07

Plotting Position Type: Hirsch-Stedinger

Compute Expected Probability Curve using Numerical Integration (EMA)

Upper Confidence Level: 0.05
Lower Confidence Level: 0.95

Use non-standard frequencies
Frequency: 0.01
Frequency: 0.02
Frequency: 0.05
Frequency: 0.1
Frequency: 0.2
Frequency: 0.5
Frequency: 1.0
Frequency: 2.0
Frequency: 5.0
Frequency: 10.0
Frequency: 20.0
Frequency: 50.0
Frequency: 80.0
Frequency: 90.0
Frequency: 95.0
Frequency: 99.0

Display ordinate values using 1 digits in fraction part of value

--- End of Input Data ---



<< EMA Representation of Data >>
CAS_2026_3-CASTLEROCK-FLOW-UNREG
-------------------------------------------------------------------------------------------------------------------------------------
|                   |          Value           |       Log10 Value       |        Threshold        |     Log10 Threshold     |      | 
| Year     Peak     |     Low         High     |     Low         High    |     Low        High     |     Low        High     | Type | 
|-------------------|--------------------------|-------------------------|-------------------------|-------------------------|------|
| 1928    56,933.3  |     56,933.3    56,933.3 |         4.8         4.8 |     1.0E-99      1.0E99 |       -99.0        99.0 | Syst |
| 1929    19,633.3  |     19,633.3    19,633.3 |         4.3         4.3 |     1.0E-99      1.0E99 |       -99.0        99.0 | Syst |
| 1930    26,700.0  |     26,700.0    26,700.0 |         4.4         4.4 |     1.0E-99      1.0E99 |       -99.0        99.0 | Syst |
| 1931    51,200.0  |     51,200.0    51,200.0 |         4.7         4.7 |     1.0E-99      1.0E99 |       -99.0        99.0 | Syst |
| 1932    44,466.7  |     44,466.7    44,466.7 |         4.6         4.6 |     1.0E-99      1.0E99 |       -99.0        99.0 | Syst |
| 1933    44,466.7  |     44,466.7    44,466.7 |         4.6         4.6 |     1.0E-99      1.0E99 |       -99.0        99.0 | Syst |
| 1934   120,333.3  |    120,333.3   120,333.3 |         5.1         5.1 |     1.0E-99      1.0E99 |       -99.0        99.0 | Syst |
| 1935    53,800.0  |     53,800.0    53,800.0 |         4.7         4.7 |     1.0E-99      1.0E99 |       -99.0        99.0 | Syst |
| 1936    35,833.3  |     35,833.3    35,833.3 |         4.6         4.6 |     1.0E-99      1.0E99 |       -99.0        99.0 | Syst |
| 1937    40,166.7  |     40,166.7    40,166.7 |         4.6         4.6 |     1.0E-99      1.0E99 |       -99.0        99.0 | Syst |
| 1938    53,566.7  |     53,566.7    53,566.7 |         4.7         4.7 |     1.0E-99      1.0E99 |       -99.0        99.0 | Syst |
| 1939    29,866.7  |     29,866.7    29,866.7 |         4.5         4.5 |     1.0E-99      1.0E99 |       -99.0        99.0 | Syst |
| 1940    36,766.7  |     36,766.7    36,766.7 |         4.6         4.6 |     1.0E-99      1.0E99 |       -99.0        99.0 | Syst |
| 1941    19,633.3  |     19,633.3    19,633.3 |         4.3         4.3 |     1.0E-99      1.0E99 |       -99.0        99.0 | Syst |
| 1942    47,066.7  |     47,066.7    47,066.7 |         4.7         4.7 |     1.0E-99      1.0E99 |       -99.0        99.0 | Syst |
| 1943    46,866.7  |     46,866.7    46,866.7 |         4.7         4.7 |     1.0E-99      1.0E99 |       -99.0        99.0 | Syst |
| 1944    26,466.7  |     26,466.7    26,466.7 |         4.4         4.4 |     1.0E-99      1.0E99 |       -99.0        99.0 | Syst |
| 1945    36,333.3  |     36,333.3    36,333.3 |         4.6         4.6 |     1.0E-99      1.0E99 |       -99.0        99.0 | Syst |
| 1946    45,433.3  |     45,433.3    45,433.3 |         4.7         4.7 |     1.0E-99      1.0E99 |       -99.0        99.0 | Syst |
| 1947    80,766.7  |     80,766.7    80,766.7 |         4.9         4.9 |     1.0E-99      1.0E99 |       -99.0        99.0 | Syst |
| 1948    32,700.0  |     32,700.0    32,700.0 |         4.5         4.5 |     1.0E-99      1.0E99 |       -99.0        99.0 | Syst |
| 1949    30,166.7  |     30,166.7    30,166.7 |         4.5         4.5 |     1.0E-99      1.0E99 |       -99.0        99.0 | Syst |
| 1950    49,933.3  |     49,933.3    49,933.3 |         4.7         4.7 |     1.0E-99      1.0E99 |       -99.0        99.0 | Syst |
| 1951    61,466.7  |     61,466.7    61,466.7 |         4.8         4.8 |     1.0E-99      1.0E99 |       -99.0        99.0 | Syst |
| 1952    31,600.0  |     31,600.0    31,600.0 |         4.5         4.5 |     1.0E-99      1.0E99 |       -99.0        99.0 | Syst |
| 1953    44,000.0  |     44,000.0    44,000.0 |         4.6         4.6 |     1.0E-99      1.0E99 |       -99.0        99.0 | Syst |
| 1954    51,066.7  |     51,066.7    51,066.7 |         4.7         4.7 |     1.0E-99      1.0E99 |       -99.0        99.0 | Syst |
| 1955    33,800.0  |     33,800.0    33,800.0 |         4.5         4.5 |     1.0E-99      1.0E99 |       -99.0        99.0 | Syst |
| 1956    49,733.3  |     49,733.3    49,733.3 |         4.7         4.7 |     1.0E-99      1.0E99 |       -99.0        99.0 | Syst |
| 1957    37,400.0  |     37,400.0    37,400.0 |         4.6         4.6 |     1.0E-99      1.0E99 |       -99.0        99.0 | Syst |
| 1958    30,866.7  |     30,866.7    30,866.7 |         4.5         4.5 |     1.0E-99      1.0E99 |       -99.0        99.0 | Syst |
| 1959    44,733.3  |     44,733.3    44,733.3 |         4.7         4.7 |     1.0E-99      1.0E99 |       -99.0        99.0 | Syst |
| 1960    56,433.3  |     56,433.3    56,433.3 |         4.8         4.8 |     1.0E-99      1.0E99 |       -99.0        99.0 | Syst |
| 1961    46,133.3  |     46,133.3    46,133.3 |         4.7         4.7 |     1.0E-99      1.0E99 |       -99.0        99.0 | Syst |
| 1962    34,833.3  |     34,833.3    34,833.3 |         4.5         4.5 |     1.0E-99      1.0E99 |       -99.0        99.0 | Syst |
| 1963    52,900.0  |     52,900.0    52,900.0 |         4.7         4.7 |     1.0E-99      1.0E99 |       -99.0        99.0 | Syst |
| 1964    46,266.7  |     46,266.7    46,266.7 |         4.7         4.7 |     1.0E-99      1.0E99 |       -99.0        99.0 | Syst |
| 1965    68,933.3  |     68,933.3    68,933.3 |         4.8         4.8 |     1.0E-99      1.0E99 |       -99.0        99.0 | Syst |
| 1966    24,333.3  |     24,333.3    24,333.3 |         4.4         4.4 |     1.0E-99      1.0E99 |       -99.0        99.0 | Syst |
| 1967    48,166.7  |     48,166.7    48,166.7 |         4.7         4.7 |     1.0E-99      1.0E99 |       -99.0        99.0 | Syst |
| 1968    44,633.3  |     44,633.3    44,633.3 |         4.6         4.6 |     1.0E-99      1.0E99 |       -99.0        99.0 | Syst |
| 1974    92,391.9  |     92,391.9    92,391.9 |         5.0         5.0 |     1.0E-99      1.0E99 |       -99.0        99.0 | Syst |
| 1975    54,410.6  |     54,410.6    54,410.6 |         4.7         4.7 |     1.0E-99      1.0E99 |       -99.0        99.0 | Syst |
| 1976   106,675.9  |    106,675.9   106,675.9 |         5.0         5.0 |     1.0E-99      1.0E99 |       -99.0        99.0 | Syst |
| 1977    14,752.4  |     14,752.4    14,752.4 |         4.2         4.2 |     1.0E-99      1.0E99 |       -99.0        99.0 | Syst |
| 1978    94,792.6  |     94,792.6    94,792.6 |         5.0         5.0 |     1.0E-99      1.0E99 |       -99.0        99.0 | Syst |
| 1979    27,999.7  |     27,999.7    27,999.7 |         4.4         4.4 |     1.0E-99      1.0E99 |       -99.0        99.0 | Syst |
| 1980    37,115.7  |     37,115.7    37,115.7 |         4.6         4.6 |     1.0E-99      1.0E99 |       -99.0        99.0 | Syst |
| 1981    71,889.1  |     71,889.1    71,889.1 |         4.9         4.9 |     1.0E-99      1.0E99 |       -99.0        99.0 | Syst |
| 1982    62,871.0  |     62,871.0    62,871.0 |         4.8         4.8 |     1.0E-99      1.0E99 |       -99.0        99.0 | Syst |
| 1983    55,965.9  |     55,965.9    55,965.9 |         4.7         4.7 |     1.0E-99      1.0E99 |       -99.0        99.0 | Syst |
| 1984    46,702.0  |     46,702.0    46,702.0 |         4.7         4.7 |     1.0E-99      1.0E99 |       -99.0        99.0 | Syst |
| 1985    28,765.3  |     28,765.3    28,765.3 |         4.5         4.5 |     1.0E-99      1.0E99 |       -99.0        99.0 | Syst |
| 1986    62,162.6  |     62,162.6    62,162.6 |         4.8         4.8 |     1.0E-99      1.0E99 |       -99.0        99.0 | Syst |
| 1987    61,616.6  |     61,616.6    61,616.6 |         4.8         4.8 |     1.0E-99      1.0E99 |       -99.0        99.0 | Syst |
| 1988    39,028.5  |     39,028.5    39,028.5 |         4.6         4.6 |     1.0E-99      1.0E99 |       -99.0        99.0 | Syst |
| 1989    21,120.3  |     21,120.3    21,120.3 |         4.3         4.3 |     1.0E-99      1.0E99 |       -99.0        99.0 | Syst |
| 1990    76,113.3  |     76,113.3    76,113.3 |         4.9         4.9 |     1.0E-99      1.0E99 |       -99.0        99.0 | Syst |
| 1991    75,569.0  |     75,569.0    75,569.0 |         4.9         4.9 |     1.0E-99      1.0E99 |       -99.0        99.0 | Syst |
| 1992    38,240.0  |     38,240.0    38,240.0 |         4.6         4.6 |     1.0E-99      1.0E99 |       -99.0        99.0 | Syst |
| 1993    26,576.3  |     26,576.3    26,576.3 |         4.4         4.4 |     1.0E-99      1.0E99 |       -99.0        99.0 | Syst |
| 1994    24,709.7  |     24,709.7    24,709.7 |         4.4         4.4 |     1.0E-99      1.0E99 |       -99.0        99.0 | Syst |
| 1995    48,317.4  |     48,317.4    48,317.4 |         4.7         4.7 |     1.0E-99      1.0E99 |       -99.0        99.0 | Syst |
| 1996   139,807.3  |    139,807.3   139,807.3 |         5.1         5.1 |     1.0E-99      1.0E99 |       -99.0        99.0 | Syst |
| 1997    74,563.3  |     74,563.3    74,563.3 |         4.9         4.9 |     1.0E-99      1.0E99 |       -99.0        99.0 | Syst |
| 1998    23,580.7  |     23,580.7    23,580.7 |         4.4         4.4 |     1.0E-99      1.0E99 |       -99.0        99.0 | Syst |
| 1999    60,807.3  |     60,807.3    60,807.3 |         4.8         4.8 |     1.0E-99      1.0E99 |       -99.0        99.0 | Syst |
| 2000    58,189.7  |     58,189.7    58,189.7 |         4.8         4.8 |     1.0E-99      1.0E99 |       -99.0        99.0 | Syst |
| 2001    15,338.7  |     15,338.7    15,338.7 |         4.2         4.2 |     1.0E-99      1.0E99 |       -99.0        99.0 | Syst |
| 2002    49,168.1  |     49,168.1    49,168.1 |         4.7         4.7 |     1.0E-99      1.0E99 |       -99.0        99.0 | Syst |
| 2003    72,895.9  |     72,895.9    72,895.9 |         4.9         4.9 |     1.0E-99      1.0E99 |       -99.0        99.0 | Syst |
| 2004    43,452.0  |     43,452.0    43,452.0 |         4.6         4.6 |     1.0E-99      1.0E99 |       -99.0        99.0 | Syst |
| 2005    39,348.6  |     39,348.6    39,348.6 |         4.6         4.6 |     1.0E-99      1.0E99 |       -99.0        99.0 | Syst |
| 2006    62,808.1  |     62,808.1    62,808.1 |         4.8         4.8 |     1.0E-99      1.0E99 |       -99.0        99.0 | Syst |
| 2007   100,469.9  |    100,469.9   100,469.9 |         5.0         5.0 |     1.0E-99      1.0E99 |       -99.0        99.0 | Syst |
| 2008    54,504.1  |     54,504.1    54,504.1 |         4.7         4.7 |     1.0E-99      1.0E99 |       -99.0        99.0 | Syst |
| 2009    99,323.7  |     99,323.7    99,323.7 |         5.0         5.0 |     1.0E-99      1.0E99 |       -99.0        99.0 | Syst |
| 2010    24,887.6  |     24,887.6    24,887.6 |         4.4         4.4 |     1.0E-99      1.0E99 |       -99.0        99.0 | Syst |
| 2011    71,689.3  |     71,689.3    71,689.3 |         4.9         4.9 |     1.0E-99      1.0E99 |       -99.0        99.0 | Syst |
| 2012    40,864.8  |     40,864.8    40,864.8 |         4.6         4.6 |     1.0E-99      1.0E99 |       -99.0        99.0 | Syst |
| 2013    36,797.3  |     36,797.3    36,797.3 |         4.6         4.6 |     1.0E-99      1.0E99 |       -99.0        99.0 | Syst |
| 2014    46,396.2  |     46,396.2    46,396.2 |         4.7         4.7 |     1.0E-99      1.0E99 |       -99.0        99.0 | Syst |
| 2015    32,555.3  |     32,555.3    32,555.3 |         4.5         4.5 |     1.0E-99      1.0E99 |       -99.0        99.0 | Syst |
| 2016    92,956.5  |     92,956.5    92,956.5 |         5.0         5.0 |     1.0E-99      1.0E99 |       -99.0        99.0 | Syst |
| 2017    51,009.6  |     51,009.6    51,009.6 |         4.7         4.7 |     1.0E-99      1.0E99 |       -99.0        99.0 | Syst |
| 2018    47,284.9  |     47,284.9    47,284.9 |         4.7         4.7 |     1.0E-99      1.0E99 |       -99.0        99.0 | Syst |
| 2019    24,388.6  |     24,388.6    24,388.6 |         4.4         4.4 |     1.0E-99      1.0E99 |       -99.0        99.0 | Syst |
| 2020    60,464.9  |     60,464.9    60,464.9 |         4.8         4.8 |     1.0E-99      1.0E99 |       -99.0        99.0 | Syst |
| 2021    42,828.9  |     42,828.9    42,828.9 |         4.6         4.6 |     1.0E-99      1.0E99 |       -99.0        99.0 | Syst |
| 2022    60,850.6  |     60,850.6    60,850.6 |         4.8         4.8 |     1.0E-99      1.0E99 |       -99.0        99.0 | Syst |
| 2023    47,709.9  |     47,709.9    47,709.9 |         4.7         4.7 |     1.0E-99      1.0E99 |       -99.0        99.0 | Syst |
| 2024    59,644.0  |     59,644.0    59,644.0 |         4.8         4.8 |     1.0E-99      1.0E99 |       -99.0        99.0 | Syst |
| 2025    35,252.6  |     35,252.6    35,252.6 |         4.5         4.5 |     1.0E-99      1.0E99 |       -99.0        99.0 | Syst |
| 2026    94,669.2  |     94,669.2    94,669.2 |         5.0         5.0 |     1.0E-99      1.0E99 |       -99.0        99.0 | Syst |
|-------------------|--------------------------|-------------------------|-------------------------|-------------------------|------|


-------------------------------------------------------------------------------------------------
  Fitted log10 Moments                              Mean      Variance    Std Dev       Skew     
-------------------------------------------------------------------------------------------------
  EMA at-site data w/o regional info               4.662875    0.037641    0.194014   -0.078541  
  EMA w/ regional info and B17b MSE(G)             4.662875    0.037641    0.194014   -0.008555  
  EMA w/ regional info and specified MSE(G)        4.662875    0.037641    0.194014   -0.008555  
-------------------------------------------------------------------------------------------------


  EMA Estimate of MSE[G at-site]                   0.060453  
  MSE[G at-site systematic]                        0.060453  
  EMA-computed Skew MSE (testing only)             0.058575  

  EMA MSE Covariance Matrix                         0.000400   -0.000006   -0.000024     
                                                   -0.000006    0.000030   -0.000081     
                                                   -0.000024   -0.000081    0.058575     

  Equivalent Record Length [G at-site]            94.000000  
  Equivalent Record Length [Syst+Hist-LowOutl]    94.000000  
  Equivalent Record Length [Cohn et al (1997)]   106.292867  
  Equivalent Record Length [Margo]               121.059068  
  Grubbs-Beck Critical Value                       0.000000  
  # Years w/ non [0-inf] Thresholds                0.000000  



--- Final Results ---

<< Plotting Positions >>
CAS_2026_3-CASTLEROCK-FLOW-UNREG
--------------------------------------------------------------------
|     Events Analyzed       |            Ordered Events            |
|                     FLOW  |          Water        FLOW    H-S    |
| Day Mon Year         CFS  |  Rank     Year         CFS  Plot Pos |
|---------------------------|--------------------------------------|
|  29 Sep 1928    56,933.3  |    1      1996   139,807.3    1.05   |
|  29 Sep 1929    19,633.3  |    2      1934   120,333.3    2.11   |
|  29 Sep 1930    26,700.0  |    3      1976   106,675.9    3.16   |
|  29 Sep 1931    51,200.0  |    4      2007   100,469.9    4.21   |
|  29 Sep 1932    44,466.7  |    5      2009    99,323.7    5.26   |
|  29 Sep 1933    44,466.7  |    6      1978    94,792.6    6.32   |
|  29 Sep 1934   120,333.3  |    7      2026    94,669.2    7.37   |
|  29 Sep 1935    53,800.0  |    8      2016    92,956.5    8.42   |
|  29 Sep 1936    35,833.3  |    9      1974    92,391.9    9.47   |
|  29 Sep 1937    40,166.7  |   10      1947    80,766.7   10.53   |
|  29 Sep 1938    53,566.7  |   11      1990    76,113.3   11.58   |
|  29 Sep 1939    29,866.7  |   12      1991    75,569.0   12.63   |
|  29 Sep 1940    36,766.7  |   13      1997    74,563.3   13.68   |
|  29 Sep 1941    19,633.3  |   14      2003    72,895.9   14.74   |
|  29 Sep 1942    47,066.7  |   15      1981    71,889.1   15.79   |
|  29 Sep 1943    46,866.7  |   16      2011    71,689.3   16.84   |
|  29 Sep 1944    26,466.7  |   17      1965    68,933.3   17.89   |
|  29 Sep 1945    36,333.3  |   18      1982    62,871.0   18.95   |
|  29 Sep 1946    45,433.3  |   19      2006    62,808.1   20.00   |
|  29 Sep 1947    80,766.7  |   20      1986    62,162.6   21.05   |
|  29 Sep 1948    32,700.0  |   21      1987    61,616.6   22.11   |
|  29 Sep 1949    30,166.7  |   22      1951    61,466.7   23.16   |
|  29 Sep 1950    49,933.3  |   23      2022    60,850.6   24.21   |
|  29 Sep 1951    61,466.7  |   24      1999    60,807.3   25.26   |
|  29 Sep 1952    31,600.0  |   25      2020    60,464.9   26.32   |
|  29 Sep 1953    44,000.0  |   26      2024    59,644.0   27.37   |
|  29 Sep 1954    51,066.7  |   27      2000    58,189.7   28.42   |
|  29 Sep 1955    33,800.0  |   28      1928    56,933.3   29.47   |
|  29 Sep 1956    49,733.3  |   29      1960    56,433.3   30.53   |
|  29 Sep 1957    37,400.0  |   30      1983    55,965.9   31.58   |
|  29 Sep 1958    30,866.7  |   31      2008    54,504.1   32.63   |
|  29 Sep 1959    44,733.3  |   32      1975    54,410.6   33.68   |
|  29 Sep 1960    56,433.3  |   33      1935    53,800.0   34.74   |
|  29 Sep 1961    46,133.3  |   34      1938    53,566.7   35.79   |
|  29 Sep 1962    34,833.3  |   35      1963    52,900.0   36.84   |
|  29 Sep 1963    52,900.0  |   36      1931    51,200.0   37.89   |
|  29 Sep 1964    46,266.7  |   37      1954    51,066.7   38.95   |
|  29 Sep 1965    68,933.3  |   38      2017    51,009.6   40.00   |
|  29 Sep 1966    24,333.3  |   39      1950    49,933.3   41.05   |
|  29 Sep 1967    48,166.7  |   40      1956    49,733.3   42.11   |
|  29 Sep 1968    44,633.3  |   41      2002    49,168.1   43.16   |
|  01 Jan 1969         ---  |   42      1995    48,317.4   44.21   |
|  01 Jan 1970         ---  |   43      1967    48,166.7   45.26   |
|  01 Jan 1971         ---  |   44      2023    47,709.9   46.32   |
|  01 Jan 1972         ---  |   45      2018    47,284.9   47.37   |
|  01 Jan 1973         ---  |   46      1942    47,066.7   48.42   |
|  29 Sep 1974    92,391.9  |   47      1943    46,866.7   49.47   |
|  29 Sep 1975    54,410.6  |   48      1984    46,702.0   50.53   |
|  29 Sep 1976   106,675.9  |   49      2014    46,396.2   51.58   |
|  29 Sep 1977    14,752.4  |   50      1964    46,266.7   52.63   |
|  29 Sep 1978    94,792.6  |   51      1961    46,133.3   53.68   |
|  29 Sep 1979    27,999.7  |   52      1946    45,433.3   54.74   |
|  29 Sep 1980    37,115.7  |   53      1959    44,733.3   55.79   |
|  29 Sep 1981    71,889.1  |   54      1968    44,633.3   56.84   |
|  29 Sep 1982    62,871.0  |   55      1933    44,466.7   57.89   |
|  29 Sep 1983    55,965.9  |   56      1932    44,466.7   58.95   |
|  29 Sep 1984    46,702.0  |   57      1953    44,000.0   60.00   |
|  29 Sep 1985    28,765.3  |   58      2004    43,452.0   61.05   |
|  29 Sep 1986    62,162.6  |   59      2021    42,828.9   62.11   |
|  29 Sep 1987    61,616.6  |   60      2012    40,864.8   63.16   |
|  29 Sep 1988    39,028.5  |   61      1937    40,166.7   64.21   |
|  29 Sep 1989    21,120.3  |   62      2005    39,348.6   65.26   |
|  29 Sep 1990    76,113.3  |   63      1988    39,028.5   66.32   |
|  29 Sep 1991    75,569.0  |   64      1992    38,240.0   67.37   |
|  29 Sep 1992    38,240.0  |   65      1957    37,400.0   68.42   |
|  29 Sep 1993    26,576.3  |   66      1980    37,115.7   69.47   |
|  29 Sep 1994    24,709.7  |   67      2013    36,797.3   70.53   |
|  29 Sep 1995    48,317.4  |   68      1940    36,766.7   71.58   |
|  29 Sep 1996   139,807.3  |   69      1945    36,333.3   72.63   |
|  29 Sep 1997    74,563.3  |   70      1936    35,833.3   73.68   |
|  29 Sep 1998    23,580.7  |   71      2025    35,252.6   74.74   |
|  29 Sep 1999    60,807.3  |   72      1962    34,833.3   75.79   |
|  29 Sep 2000    58,189.7  |   73      1955    33,800.0   76.84   |
|  29 Sep 2001    15,338.7  |   74      1948    32,700.0   77.89   |
|  29 Sep 2002    49,168.1  |   75      2015    32,555.3   78.95   |
|  29 Sep 2003    72,895.9  |   76      1952    31,600.0   80.00   |
|  29 Sep 2004    43,452.0  |   77      1958    30,866.7   81.05   |
|  29 Sep 2005    39,348.6  |   78      1949    30,166.7   82.11   |
|  29 Sep 2006    62,808.1  |   79      1939    29,866.7   83.16   |
|  29 Sep 2007   100,469.9  |   80      1985    28,765.3   84.21   |
|  29 Sep 2008    54,504.1  |   81      1979    27,999.7   85.26   |
|  29 Sep 2009    99,323.7  |   82      1930    26,700.0   86.32   |
|  29 Sep 2010    24,887.6  |   83      1993    26,576.3   87.37   |
|  29 Sep 2011    71,689.3  |   84      1944    26,466.7   88.42   |
|  29 Sep 2012    40,864.8  |   85      2010    24,887.6   89.47   |
|  29 Sep 2013    36,797.3  |   86      1994    24,709.7   90.53   |
|  29 Sep 2014    46,396.2  |   87      2019    24,388.6   91.58   |
|  29 Sep 2015    32,555.3  |   88      1966    24,333.3   92.63   |
|  29 Sep 2016    92,956.5  |   89      1998    23,580.7   93.68   |
|  29 Sep 2017    51,009.6  |   90      1989    21,120.3   94.74   |
|  29 Sep 2018    47,284.9  |   91      1941    19,633.3   95.79   |
|  29 Sep 2019    24,388.6  |   92      1929    19,633.3   96.84   |
|  29 Sep 2020    60,464.9  |   93      2001    15,338.7   97.89   |
|  29 Sep 2021    42,828.9  |   94      1977    14,752.4   98.95   |
|  29 Sep 2022    60,850.6  |   95      1973         ---    ---    |
|  29 Sep 2023    47,709.9  |   96      1972         ---    ---    |
|  29 Sep 2024    59,644.0  |   97      1971         ---    ---    |
|  29 Sep 2025    35,252.6  |   98      1970         ---    ---    |
|  29 Sep 2026    94,669.2  |   99      1969         ---    ---    |
|---------------------------|--------------------------------------|
* Low outlier plotting positions are computed using Median parameters.



<< Frequency Curve >>
CAS_2026_3-CASTLEROCK-FLOW-UNREG
-----------------------------------------------------------------------------------------
|   Computed      Variance      Expected    |   Percent   |      Confidence Limits      |
|     Curve       Log(EMA)     Probability  |   Chance    |          0.05          0.95 |
|                 FLOW, CFS                 | Exceedance  |          FLOW, CFS          |
|-------------------------------------------|-------------|-----------------------------|
|     240,363.3    0.00930191     298,914.8 |       0.01  |     376,363.9     180,427.0 |
|     222,081.0    0.00788236     264,435.6 |       0.02  |     335,087.0     170,390.6 |
|     198,868.0    0.00620520     225,644.9 |       0.05  |     285,923.9     157,010.5 |
|     181,994.4    0.00508583     200,288.5 |        0.1  |     252,435.6     146,785.5 |
|     165,677.4    0.00409363     177,856.6 |        0.2  |     221,830.3     136,450.9 |
|     144,898.0    0.00297440     151,689.4 |        0.5  |     185,362.6     122,577.4 |
|     129,717.2    0.00227069     133,835.3 |        1.0  |     160,485.3     111,876.2 |
|     114,931.7    0.00168729     117,351.5 |        2.0  |     137,686.6     100,941.4 |
|      95,835.6    0.00109496      96,884.4 |        5.0  |     110,351.3      85,994.9 |
|      81,533.3    0.00077625      82,032.7 |       10.0  |      91,455.6      74,156.5 |
|      67,025.7    0.00056209      67,236.2 |       20.0  |      73,644.8      61,589.1 |
|      46,041.7    0.00043431      46,035.6 |       50.0  |      49,860.6      42,513.2 |
|      31,598.8    0.00052364      31,492.6 |       80.0  |      34,399.1      28,742.5 |
|      25,945.3    0.00069847      25,783.6 |       90.0  |      28,542.9      23,109.0 |
|      22,043.5    0.00096455      21,809.8 |       95.0  |      24,586.9      19,120.3 |
|      16,229.7    0.00195917      15,706.2 |       99.0  |      18,847.4      13,096.7 |
|-------------------------------------------|-------------|-----------------------------|



<< Multiple Grubbs-Beck Test P-Values >>
CAS_2026_3-CASTLEROCK-FLOW-UNREG
--------------------------------
|    Number Of   |  P-Values   |
|  Low Outliers  |             |
|----------------|-------------|
|              1 |    3.934E-1 |
|              2 |    1.113E-1 |
|              3 |    4.603E-1 |
|              4 |    2.085E-1 |
|              5 |    2.515E-1 |
|              6 |    5.691E-1 |
|              7 |    5.474E-1 |
|              8 |    3.660E-1 |
|              9 |    2.634E-1 |
|             10 |    1.580E-1 |
|             11 |    3.136E-1 |
|             12 |    1.957E-1 |
|             13 |    1.112E-1 |
|             14 |    2.010E-1 |
|             15 |    2.232E-1 |
|             16 |    3.284E-1 |
|             17 |    2.626E-1 |
|             18 |    2.877E-1 |
|             19 |    3.260E-1 |
|             20 |    4.297E-1 |
|             21 |    3.306E-1 |
|             22 |    4.786E-1 |
|             23 |    6.238E-1 |
|             24 |    6.079E-1 |
|             25 |    6.357E-1 |
|             26 |    6.437E-1 |
|             27 |    6.351E-1 |
|             28 |    5.174E-1 |
|             29 |    4.727E-1 |
|             30 |    4.183E-1 |
|             31 |    5.098E-1 |
|             32 |    5.922E-1 |
|             33 |    5.527E-1 |
|             34 |    6.424E-1 |
|             35 |    7.007E-1 |
|             36 |    9.441E-1 |
|             37 |    9.602E-1 |
|             38 |    9.690E-1 |
|             39 |    9.727E-1 |
|             40 |    9.504E-1 |
|             41 |    9.312E-1 |
|             42 |    8.980E-1 |
|             43 |    9.267E-1 |
|             44 |    9.493E-1 |
|             45 |    9.261E-1 |
|             46 |    8.941E-1 |
|             47 |    8.760E-1 |
|----------------|-------------|
* = p-value corresponds to a zero flow value.


<< Systematic Statistics >>
CAS_2026_3-CASTLEROCK-FLOW-UNREG
----------------------------------------------------------------
|        Log Transform:        |                               |
|          FLOW, CFS           |       Number of Events        |
|------------------------------|-------------------------------|
|  Mean                 4.663  |  Historic Events           0  |
|  Standard Dev         0.194  |  High Outliers          0     |
|  Station Skew        -0.079  |  Low Outliers           0     |
|  Regional Skew        0.070  |  Zero Events            0     |
|  Weighted Skew       -0.009  |  Missing Events         5     |
|  Adopted Skew        -0.009  |  Systematic Events        94  |
|                              |  Historic Period          99  |
|------------------------------|-------------------------------|

--- End of Analytical Frequency Curve ---
