-------------------------------
Bulletin 17C (Java) Frequency Analysis
    28 Jul 2026   11:58 AM
Computed By: HEC-SSP Version 2.3
-------------------------------


--- Input Data ---

Analysis Name: CAS_2026_5
Description: lin interp skew and mse from 3 and 7 day values from table 10 USGS 2020

Data Set Name: CAS_2026_5-CASTLEROCK-FLOW-UNREG
DSS File Name: C:\Projects\2026_Cowlitz_Flow_Frequency\2026_Restudy\2026_Restudy.dss
DSS Pathname: //CASTLEROCK/FLOW-UNREG/01jan1900/IR-YEAR/5-DAY-MOS-HOLDOUT/

Report File Name: C:\Projects\2026_Cowlitz_Flow_Frequency\2026_Restudy\Bulletin17Results\CAS_2026_5\CAS_2026_5.rpt
XML File Name: C:\Projects\2026_Cowlitz_Flow_Frequency\2026_Restudy\Bulletin17Results\CAS_2026_5\CAS_2026_5.xml
Output DSS File Name: C:\Projects\2026_Cowlitz_Flow_Frequency\2026_Restudy\Bulletin17Results\CAS_2026_5\CAS_2026_5.dss

Start Date: 01 Oct 1928
End Date:   30 Sep 2025

Skew Option: Use Weighted Skew
Regional Skew: 0.0
Regional Skew MSE: 0.085

Plotting Position Type: Hirsch-Stedinger

Compute Expected Probability Curve using Numerical Integration (EMA)

Upper Confidence Level: 0.05
Lower Confidence Level: 0.95

Display ordinate values using 1 digits in fraction part of value

--- End of Input Data ---



<< EMA Representation of Data >>
CAS_2026_5-CASTLEROCK-FLOW-UNREG
-------------------------------------------------------------------------------------------------------------------------------------
|                   |          Value           |       Log10 Value       |        Threshold        |     Log10 Threshold     |      | 
| Year     Peak     |     Low         High     |     Low         High    |     Low        High     |     Low        High     | Type | 
|-------------------|--------------------------|-------------------------|-------------------------|-------------------------|------|
| 1928    47,940.0  |     47,940.0    47,940.0 |         4.7         4.7 |     1.0E-99      1.0E99 |       -99.0        99.0 | Syst |
| 1929    18,980.0  |     18,980.0    18,980.0 |         4.3         4.3 |     1.0E-99      1.0E99 |       -99.0        99.0 | Syst |
| 1930    23,840.0  |     23,840.0    23,840.0 |         4.4         4.4 |     1.0E-99      1.0E99 |       -99.0        99.0 | Syst |
| 1931    40,760.0  |     40,760.0    40,760.0 |         4.6         4.6 |     1.0E-99      1.0E99 |       -99.0        99.0 | Syst |
| 1932    39,140.0  |     39,140.0    39,140.0 |         4.6         4.6 |     1.0E-99      1.0E99 |       -99.0        99.0 | Syst |
| 1933    43,900.0  |     43,900.0    43,900.0 |         4.6         4.6 |     1.0E-99      1.0E99 |       -99.0        99.0 | Syst |
| 1934   106,300.0  |    106,300.0   106,300.0 |         5.0         5.0 |     1.0E-99      1.0E99 |       -99.0        99.0 | Syst |
| 1935    45,540.0  |     45,540.0    45,540.0 |         4.7         4.7 |     1.0E-99      1.0E99 |       -99.0        99.0 | Syst |
| 1936    31,400.0  |     31,400.0    31,400.0 |         4.5         4.5 |     1.0E-99      1.0E99 |       -99.0        99.0 | Syst |
| 1937    34,640.0  |     34,640.0    34,640.0 |         4.5         4.5 |     1.0E-99      1.0E99 |       -99.0        99.0 | Syst |
| 1938    47,440.0  |     47,440.0    47,440.0 |         4.7         4.7 |     1.0E-99      1.0E99 |       -99.0        99.0 | Syst |
| 1939    27,840.0  |     27,840.0    27,840.0 |         4.4         4.4 |     1.0E-99      1.0E99 |       -99.0        99.0 | Syst |
| 1940    31,660.0  |     31,660.0    31,660.0 |         4.5         4.5 |     1.0E-99      1.0E99 |       -99.0        99.0 | Syst |
| 1941    16,038.0  |     16,038.0    16,038.0 |         4.2         4.2 |     1.0E-99      1.0E99 |       -99.0        99.0 | Syst |
| 1942    39,400.0  |     39,400.0    39,400.0 |         4.6         4.6 |     1.0E-99      1.0E99 |       -99.0        99.0 | Syst |
| 1943    39,020.0  |     39,020.0    39,020.0 |         4.6         4.6 |     1.0E-99      1.0E99 |       -99.0        99.0 | Syst |
| 1944    20,760.0  |     20,760.0    20,760.0 |         4.3         4.3 |     1.0E-99      1.0E99 |       -99.0        99.0 | Syst |
| 1945    30,340.0  |     30,340.0    30,340.0 |         4.5         4.5 |     1.0E-99      1.0E99 |       -99.0        99.0 | Syst |
| 1946    38,940.0  |     38,940.0    38,940.0 |         4.6         4.6 |     1.0E-99      1.0E99 |       -99.0        99.0 | Syst |
| 1947    74,880.0  |     74,880.0    74,880.0 |         4.9         4.9 |     1.0E-99      1.0E99 |       -99.0        99.0 | Syst |
| 1948    28,560.0  |     28,560.0    28,560.0 |         4.5         4.5 |     1.0E-99      1.0E99 |       -99.0        99.0 | Syst |
| 1949    28,580.0  |     28,580.0    28,580.0 |         4.5         4.5 |     1.0E-99      1.0E99 |       -99.0        99.0 | Syst |
| 1950    43,920.0  |     43,920.0    43,920.0 |         4.6         4.6 |     1.0E-99      1.0E99 |       -99.0        99.0 | Syst |
| 1951    54,440.0  |     54,440.0    54,440.0 |         4.7         4.7 |     1.0E-99      1.0E99 |       -99.0        99.0 | Syst |
| 1952    28,680.0  |     28,680.0    28,680.0 |         4.5         4.5 |     1.0E-99      1.0E99 |       -99.0        99.0 | Syst |
| 1953    40,400.0  |     40,400.0    40,400.0 |         4.6         4.6 |     1.0E-99      1.0E99 |       -99.0        99.0 | Syst |
| 1954    45,440.0  |     45,440.0    45,440.0 |         4.7         4.7 |     1.0E-99      1.0E99 |       -99.0        99.0 | Syst |
| 1955    29,020.0  |     29,020.0    29,020.0 |         4.5         4.5 |     1.0E-99      1.0E99 |       -99.0        99.0 | Syst |
| 1956    42,260.0  |     42,260.0    42,260.0 |         4.6         4.6 |     1.0E-99      1.0E99 |       -99.0        99.0 | Syst |
| 1957    34,980.0  |     34,980.0    34,980.0 |         4.5         4.5 |     1.0E-99      1.0E99 |       -99.0        99.0 | Syst |
| 1958    27,280.0  |     27,280.0    27,280.0 |         4.4         4.4 |     1.0E-99      1.0E99 |       -99.0        99.0 | Syst |
| 1959    39,140.0  |     39,140.0    39,140.0 |         4.6         4.6 |     1.0E-99      1.0E99 |       -99.0        99.0 | Syst |
| 1960    49,620.0  |     49,620.0    49,620.0 |         4.7         4.7 |     1.0E-99      1.0E99 |       -99.0        99.0 | Syst |
| 1961    43,520.0  |     43,520.0    43,520.0 |         4.6         4.6 |     1.0E-99      1.0E99 |       -99.0        99.0 | Syst |
| 1962    30,240.0  |     30,240.0    30,240.0 |         4.5         4.5 |     1.0E-99      1.0E99 |       -99.0        99.0 | Syst |
| 1963    41,640.0  |     41,640.0    41,640.0 |         4.6         4.6 |     1.0E-99      1.0E99 |       -99.0        99.0 | Syst |
| 1964    37,680.0  |     37,680.0    37,680.0 |         4.6         4.6 |     1.0E-99      1.0E99 |       -99.0        99.0 | Syst |
| 1965    60,120.0  |     60,120.0    60,120.0 |         4.8         4.8 |     1.0E-99      1.0E99 |       -99.0        99.0 | Syst |
| 1966    22,400.0  |     22,400.0    22,400.0 |         4.4         4.4 |     1.0E-99      1.0E99 |       -99.0        99.0 | Syst |
| 1967    38,520.0  |     38,520.0    38,520.0 |         4.6         4.6 |     1.0E-99      1.0E99 |       -99.0        99.0 | Syst |
| 1968    42,600.0  |     42,600.0    42,600.0 |         4.6         4.6 |     1.0E-99      1.0E99 |       -99.0        99.0 | Syst |
| 1974    74,846.4  |     74,846.4    74,846.4 |         4.9         4.9 |     1.0E-99      1.0E99 |       -99.0        99.0 | Syst |
| 1975    50,666.4  |     50,666.4    50,666.4 |         4.7         4.7 |     1.0E-99      1.0E99 |       -99.0        99.0 | Syst |
| 1976    91,422.4  |     91,422.4    91,422.4 |         5.0         5.0 |     1.0E-99      1.0E99 |       -99.0        99.0 | Syst |
| 1977    14,436.1  |     14,436.1    14,436.1 |         4.2         4.2 |     1.0E-99      1.0E99 |       -99.0        99.0 | Syst |
| 1978    74,569.0  |     74,569.0    74,569.0 |         4.9         4.9 |     1.0E-99      1.0E99 |       -99.0        99.0 | Syst |
| 1979    25,107.4  |     25,107.4    25,107.4 |         4.4         4.4 |     1.0E-99      1.0E99 |       -99.0        99.0 | Syst |
| 1980    32,514.5  |     32,514.5    32,514.5 |         4.5         4.5 |     1.0E-99      1.0E99 |       -99.0        99.0 | Syst |
| 1981    57,904.7  |     57,904.7    57,904.7 |         4.8         4.8 |     1.0E-99      1.0E99 |       -99.0        99.0 | Syst |
| 1982    60,341.8  |     60,341.8    60,341.8 |         4.8         4.8 |     1.0E-99      1.0E99 |       -99.0        99.0 | Syst |
| 1983    52,485.2  |     52,485.2    52,485.2 |         4.7         4.7 |     1.0E-99      1.0E99 |       -99.0        99.0 | Syst |
| 1984    38,367.2  |     38,367.2    38,367.2 |         4.6         4.6 |     1.0E-99      1.0E99 |       -99.0        99.0 | Syst |
| 1985    23,969.2  |     23,969.2    23,969.2 |         4.4         4.4 |     1.0E-99      1.0E99 |       -99.0        99.0 | Syst |
| 1986    52,287.4  |     52,287.4    52,287.4 |         4.7         4.7 |     1.0E-99      1.0E99 |       -99.0        99.0 | Syst |
| 1987    50,209.6  |     50,209.6    50,209.6 |         4.7         4.7 |     1.0E-99      1.0E99 |       -99.0        99.0 | Syst |
| 1988    30,728.3  |     30,728.3    30,728.3 |         4.5         4.5 |     1.0E-99      1.0E99 |       -99.0        99.0 | Syst |
| 1989    19,496.5  |     19,496.5    19,496.5 |         4.3         4.3 |     1.0E-99      1.0E99 |       -99.0        99.0 | Syst |
| 1990    59,390.6  |     59,390.6    59,390.6 |         4.8         4.8 |     1.0E-99      1.0E99 |       -99.0        99.0 | Syst |
| 1991    58,070.4  |     58,070.4    58,070.4 |         4.8         4.8 |     1.0E-99      1.0E99 |       -99.0        99.0 | Syst |
| 1992    35,850.0  |     35,850.0    35,850.0 |         4.6         4.6 |     1.0E-99      1.0E99 |       -99.0        99.0 | Syst |
| 1993    21,802.2  |     21,802.2    21,802.2 |         4.3         4.3 |     1.0E-99      1.0E99 |       -99.0        99.0 | Syst |
| 1994    22,555.8  |     22,555.8    22,555.8 |         4.4         4.4 |     1.0E-99      1.0E99 |       -99.0        99.0 | Syst |
| 1995    39,124.8  |     39,124.8    39,124.8 |         4.6         4.6 |     1.0E-99      1.0E99 |       -99.0        99.0 | Syst |
| 1996   108,126.0  |    108,126.0   108,126.0 |         5.0         5.0 |     1.0E-99      1.0E99 |       -99.0        99.0 | Syst |
| 1997    69,706.0  |     69,706.0    69,706.0 |         4.8         4.8 |     1.0E-99      1.0E99 |       -99.0        99.0 | Syst |
| 1998    22,965.2  |     22,965.2    22,965.2 |         4.4         4.4 |     1.0E-99      1.0E99 |       -99.0        99.0 | Syst |
| 1999    51,701.6  |     51,701.6    51,701.6 |         4.7         4.7 |     1.0E-99      1.0E99 |       -99.0        99.0 | Syst |
| 2000    43,549.2  |     43,549.2    43,549.2 |         4.6         4.6 |     1.0E-99      1.0E99 |       -99.0        99.0 | Syst |
| 2001    14,332.0  |     14,332.0    14,332.0 |         4.2         4.2 |     1.0E-99      1.0E99 |       -99.0        99.0 | Syst |
| 2002    40,566.8  |     40,566.8    40,566.8 |         4.6         4.6 |     1.0E-99      1.0E99 |       -99.0        99.0 | Syst |
| 2003    53,892.4  |     53,892.4    53,892.4 |         4.7         4.7 |     1.0E-99      1.0E99 |       -99.0        99.0 | Syst |
| 2004    34,949.4  |     34,949.4    34,949.4 |         4.5         4.5 |     1.0E-99      1.0E99 |       -99.0        99.0 | Syst |
| 2005    31,339.2  |     31,339.2    31,339.2 |         4.5         4.5 |     1.0E-99      1.0E99 |       -99.0        99.0 | Syst |
| 2006    53,944.9  |     53,944.9    53,944.9 |         4.7         4.7 |     1.0E-99      1.0E99 |       -99.0        99.0 | Syst |
| 2007    73,836.0  |     73,836.0    73,836.0 |         4.9         4.9 |     1.0E-99      1.0E99 |       -99.0        99.0 | Syst |
| 2008    41,446.0  |     41,446.0    41,446.0 |         4.6         4.6 |     1.0E-99      1.0E99 |       -99.0        99.0 | Syst |
| 2009    72,961.0  |     72,961.0    72,961.0 |         4.9         4.9 |     1.0E-99      1.0E99 |       -99.0        99.0 | Syst |
| 2010    23,203.6  |     23,203.6    23,203.6 |         4.4         4.4 |     1.0E-99      1.0E99 |       -99.0        99.0 | Syst |
| 2011    58,118.3  |     58,118.3    58,118.3 |         4.8         4.8 |     1.0E-99      1.0E99 |       -99.0        99.0 | Syst |
| 2012    34,419.0  |     34,419.0    34,419.0 |         4.5         4.5 |     1.0E-99      1.0E99 |       -99.0        99.0 | Syst |
| 2013    30,359.4  |     30,359.4    30,359.4 |         4.5         4.5 |     1.0E-99      1.0E99 |       -99.0        99.0 | Syst |
| 2014    46,396.2  |     46,396.2    46,396.2 |         4.7         4.7 |     1.0E-99      1.0E99 |       -99.0        99.0 | Syst |
| 2015    31,664.4  |     31,664.4    31,664.4 |         4.5         4.5 |     1.0E-99      1.0E99 |       -99.0        99.0 | Syst |
| 2016    72,910.3  |     72,910.3    72,910.3 |         4.9         4.9 |     1.0E-99      1.0E99 |       -99.0        99.0 | Syst |
| 2017    47,185.8  |     47,185.8    47,185.8 |         4.7         4.7 |     1.0E-99      1.0E99 |       -99.0        99.0 | Syst |
| 2018    39,299.5  |     39,299.5    39,299.5 |         4.6         4.6 |     1.0E-99      1.0E99 |       -99.0        99.0 | Syst |
| 2019    22,197.0  |     22,197.0    22,197.0 |         4.3         4.3 |     1.0E-99      1.0E99 |       -99.0        99.0 | Syst |
| 2020    51,297.0  |     51,297.0    51,297.0 |         4.7         4.7 |     1.0E-99      1.0E99 |       -99.0        99.0 | Syst |
| 2021    35,700.4  |     35,700.4    35,700.4 |         4.6         4.6 |     1.0E-99      1.0E99 |       -99.0        99.0 | Syst |
| 2022    50,050.3  |     50,050.3    50,050.3 |         4.7         4.7 |     1.0E-99      1.0E99 |       -99.0        99.0 | Syst |
| 2023    35,340.6  |     35,340.6    35,340.6 |         4.5         4.5 |     1.0E-99      1.0E99 |       -99.0        99.0 | Syst |
| 2024    48,588.6  |     48,588.6    48,588.6 |         4.7         4.7 |     1.0E-99      1.0E99 |       -99.0        99.0 | Syst |
| 2025    30,112.2  |     30,112.2    30,112.2 |         4.5         4.5 |     1.0E-99      1.0E99 |       -99.0        99.0 | Syst |
|-------------------|--------------------------|-------------------------|-------------------------|-------------------------|------|


-------------------------------------------------------------------------------------------------
  Fitted log10 Moments                              Mean      Variance    Std Dev       Skew     
-------------------------------------------------------------------------------------------------
  EMA at-site data w/o regional info               4.593203    0.032207    0.179463   -0.050647  
  EMA w/ regional info and B17b MSE(G)             4.593203    0.032207    0.179463   -0.029128  
  EMA w/ regional info and specified MSE(G)        4.593203    0.032207    0.179463   -0.029128  
-------------------------------------------------------------------------------------------------


  EMA Estimate of MSE[G at-site]                   0.059763  
  MSE[G at-site systematic]                        0.059763  
  EMA-computed Skew MSE (testing only)             0.058961  

  EMA MSE Covariance Matrix                         0.000346   -0.000011   -0.000022     
                                                   -0.000011    0.000022   -0.000157     
                                                   -0.000022   -0.000157    0.058961     

  Equivalent Record Length [G at-site]            93.000000  
  Equivalent Record Length [Syst+Hist-LowOutl]    93.000000  
  Equivalent Record Length [Cohn et al (1997)]   104.182783  
  Equivalent Record Length [Margo]               107.108805  
  Grubbs-Beck Critical Value                       0.000000  
  # Years w/ non [0-inf] Thresholds                0.000000  



--- Final Results ---

<< Plotting Positions >>
CAS_2026_5-CASTLEROCK-FLOW-UNREG
--------------------------------------------------------------------
|     Events Analyzed       |            Ordered Events            |
|                     FLOW  |          Water        FLOW    H-S    |
| Day Mon Year         CFS  |  Rank     Year         CFS  Plot Pos |
|---------------------------|--------------------------------------|
|  29 Sep 1928    47,940.0  |    1      1996   108,126.0    1.06   |
|  29 Sep 1929    18,980.0  |    2      1934   106,300.0    2.13   |
|  29 Sep 1930    23,840.0  |    3      1976    91,422.4    3.19   |
|  29 Sep 1931    40,760.0  |    4      1947    74,880.0    4.26   |
|  29 Sep 1932    39,140.0  |    5      1974    74,846.4    5.32   |
|  29 Sep 1933    43,900.0  |    6      1978    74,569.0    6.38   |
|  29 Sep 1934   106,300.0  |    7      2007    73,836.0    7.45   |
|  29 Sep 1935    45,540.0  |    8      2009    72,961.0    8.51   |
|  29 Sep 1936    31,400.0  |    9      2016    72,910.3    9.57   |
|  29 Sep 1937    34,640.0  |   10      1997    69,706.0   10.64   |
|  29 Sep 1938    47,440.0  |   11      1982    60,341.8   11.70   |
|  29 Sep 1939    27,840.0  |   12      1965    60,120.0   12.77   |
|  29 Sep 1940    31,660.0  |   13      1990    59,390.6   13.83   |
|  29 Sep 1941    16,038.0  |   14      2011    58,118.3   14.89   |
|  29 Sep 1942    39,400.0  |   15      1991    58,070.4   15.96   |
|  29 Sep 1943    39,020.0  |   16      1981    57,904.7   17.02   |
|  29 Sep 1944    20,760.0  |   17      1951    54,440.0   18.09   |
|  29 Sep 1945    30,340.0  |   18      2006    53,944.9   19.15   |
|  29 Sep 1946    38,940.0  |   19      2003    53,892.4   20.21   |
|  29 Sep 1947    74,880.0  |   20      1983    52,485.2   21.28   |
|  29 Sep 1948    28,560.0  |   21      1986    52,287.4   22.34   |
|  29 Sep 1949    28,580.0  |   22      1999    51,701.6   23.40   |
|  29 Sep 1950    43,920.0  |   23      2020    51,297.0   24.47   |
|  29 Sep 1951    54,440.0  |   24      1975    50,666.4   25.53   |
|  29 Sep 1952    28,680.0  |   25      1987    50,209.6   26.60   |
|  29 Sep 1953    40,400.0  |   26      2022    50,050.3   27.66   |
|  29 Sep 1954    45,440.0  |   27      1960    49,620.0   28.72   |
|  29 Sep 1955    29,020.0  |   28      2024    48,588.6   29.79   |
|  29 Sep 1956    42,260.0  |   29      1928    47,940.0   30.85   |
|  29 Sep 1957    34,980.0  |   30      1938    47,440.0   31.91   |
|  29 Sep 1958    27,280.0  |   31      2017    47,185.8   32.98   |
|  29 Sep 1959    39,140.0  |   32      2014    46,396.2   34.04   |
|  29 Sep 1960    49,620.0  |   33      1935    45,540.0   35.11   |
|  29 Sep 1961    43,520.0  |   34      1954    45,440.0   36.17   |
|  29 Sep 1962    30,240.0  |   35      1950    43,920.0   37.23   |
|  29 Sep 1963    41,640.0  |   36      1933    43,900.0   38.30   |
|  29 Sep 1964    37,680.0  |   37      2000    43,549.2   39.36   |
|  29 Sep 1965    60,120.0  |   38      1961    43,520.0   40.43   |
|  29 Sep 1966    22,400.0  |   39      1968    42,600.0   41.49   |
|  29 Sep 1967    38,520.0  |   40      1956    42,260.0   42.55   |
|  29 Sep 1968    42,600.0  |   41      1963    41,640.0   43.62   |
|  01 Jan 1969         ---  |   42      2008    41,446.0   44.68   |
|  01 Jan 1970         ---  |   43      1931    40,760.0   45.74   |
|  01 Jan 1971         ---  |   44      2002    40,566.8   46.81   |
|  01 Jan 1972         ---  |   45      1953    40,400.0   47.87   |
|  01 Jan 1973         ---  |   46      1942    39,400.0   48.94   |
|  29 Sep 1974    74,846.4  |   47      2018    39,299.5   50.00   |
|  29 Sep 1975    50,666.4  |   48      1959    39,140.0   51.06   |
|  29 Sep 1976    91,422.4  |   49      1932    39,140.0   52.13   |
|  29 Sep 1977    14,436.1  |   50      1995    39,124.8   53.19   |
|  29 Sep 1978    74,569.0  |   51      1943    39,020.0   54.26   |
|  29 Sep 1979    25,107.4  |   52      1946    38,940.0   55.32   |
|  29 Sep 1980    32,514.5  |   53      1967    38,520.0   56.38   |
|  29 Sep 1981    57,904.7  |   54      1984    38,367.2   57.45   |
|  29 Sep 1982    60,341.8  |   55      1964    37,680.0   58.51   |
|  29 Sep 1983    52,485.2  |   56      1992    35,850.0   59.57   |
|  29 Sep 1984    38,367.2  |   57      2021    35,700.4   60.64   |
|  29 Sep 1985    23,969.2  |   58      2023    35,340.6   61.70   |
|  29 Sep 1986    52,287.4  |   59      1957    34,980.0   62.77   |
|  29 Sep 1987    50,209.6  |   60      2004    34,949.4   63.83   |
|  29 Sep 1988    30,728.3  |   61      1937    34,640.0   64.89   |
|  29 Sep 1989    19,496.5  |   62      2012    34,419.0   65.96   |
|  29 Sep 1990    59,390.6  |   63      1980    32,514.5   67.02   |
|  29 Sep 1991    58,070.4  |   64      2015    31,664.4   68.09   |
|  29 Sep 1992    35,850.0  |   65      1940    31,660.0   69.15   |
|  29 Sep 1993    21,802.2  |   66      1936    31,400.0   70.21   |
|  29 Sep 1994    22,555.8  |   67      2005    31,339.2   71.28   |
|  29 Sep 1995    39,124.8  |   68      1988    30,728.3   72.34   |
|  29 Sep 1996   108,126.0  |   69      2013    30,359.4   73.40   |
|  29 Sep 1997    69,706.0  |   70      1945    30,340.0   74.47   |
|  29 Sep 1998    22,965.2  |   71      1962    30,240.0   75.53   |
|  29 Sep 1999    51,701.6  |   72      2025    30,112.2   76.60   |
|  29 Sep 2000    43,549.2  |   73      1955    29,020.0   77.66   |
|  29 Sep 2001    14,332.0  |   74      1952    28,680.0   78.72   |
|  29 Sep 2002    40,566.8  |   75      1949    28,580.0   79.79   |
|  29 Sep 2003    53,892.4  |   76      1948    28,560.0   80.85   |
|  29 Sep 2004    34,949.4  |   77      1939    27,840.0   81.91   |
|  29 Sep 2005    31,339.2  |   78      1958    27,280.0   82.98   |
|  29 Sep 2006    53,944.9  |   79      1979    25,107.4   84.04   |
|  29 Sep 2007    73,836.0  |   80      1985    23,969.2   85.11   |
|  29 Sep 2008    41,446.0  |   81      1930    23,840.0   86.17   |
|  29 Sep 2009    72,961.0  |   82      2010    23,203.6   87.23   |
|  29 Sep 2010    23,203.6  |   83      1998    22,965.2   88.30   |
|  29 Sep 2011    58,118.3  |   84      1994    22,555.8   89.36   |
|  29 Sep 2012    34,419.0  |   85      1966    22,400.0   90.43   |
|  29 Sep 2013    30,359.4  |   86      2019    22,197.0   91.49   |
|  29 Sep 2014    46,396.2  |   87      1993    21,802.2   92.55   |
|  29 Sep 2015    31,664.4  |   88      1944    20,760.0   93.62   |
|  29 Sep 2016    72,910.3  |   89      1989    19,496.5   94.68   |
|  29 Sep 2017    47,185.8  |   90      1929    18,980.0   95.74   |
|  29 Sep 2018    39,299.5  |   91      1941    16,038.0   96.81   |
|  29 Sep 2019    22,197.0  |   92      1977    14,436.1   97.87   |
|  29 Sep 2020    51,297.0  |   93      2001    14,332.0   98.94   |
|  29 Sep 2021    35,700.4  |   94      1973         ---    ---    |
|  29 Sep 2022    50,050.3  |   95      1972         ---    ---    |
|  29 Sep 2023    35,340.6  |   96      1971         ---    ---    |
|  29 Sep 2024    48,588.6  |   97      1970         ---    ---    |
|  29 Sep 2025    30,112.2  |   98      1969         ---    ---    |
|---------------------------|--------------------------------------|
* Low outlier plotting positions are computed using Median parameters.



<< Frequency Curve >>
CAS_2026_5-CASTLEROCK-FLOW-UNREG
-----------------------------------------------------------------------------------------
|   Computed      Variance      Expected    |   Percent   |      Confidence Limits      |
|     Curve       Log(EMA)     Probability  |   Chance    |          0.05          0.95 |
|                 FLOW, CFS                 | Exceedance  |          FLOW, CFS          |
|-------------------------------------------|-------------|-----------------------------|
|     126,877.9    0.00367377     136,163.4 |        0.2  |     166,906.7     105,871.8 |
|     112,346.6    0.00265235     117,538.4 |        0.5  |     141,519.9      96,171.0 |
|     101,589.7    0.00201289     104,710.8 |        1.0  |     123,964.2      88,573.9 |
|      90,984.3    0.00148544      92,812.4 |        2.0  |     107,673.9      80,701.0 |
|      77,072.7    0.00095437      77,864.4 |        5.0  |      87,843.8      69,746.0 |
|      66,470.3    0.00067235      66,850.3 |       10.0  |      73,911.8      60,900.4 |
|      55,525.4    0.00048621      55,685.4 |       20.0  |      60,572.6      51,339.6 |
|      39,271.2    0.00037803      39,259.7 |       50.0  |      42,299.0      36,452.9 |
|      27,696.4    0.00045309      27,604.8 |       80.0  |      29,984.2      25,343.1 |
|      23,049.4    0.00060464      22,912.3 |       90.0  |      25,203.5      20,665.2 |
|      19,794.0    0.00083988      19,596.1 |       95.0  |      21,931.3      17,290.3 |
|      14,854.9    0.00173577      14,398.0 |       99.0  |      17,111.8      12,080.0 |
|-------------------------------------------|-------------|-----------------------------|



<< Multiple Grubbs-Beck Test P-Values >>
CAS_2026_5-CASTLEROCK-FLOW-UNREG
--------------------------------
|    Number Of   |  P-Values   |
|  Low Outliers  |             |
|----------------|-------------|
|              1 |    5.074E-1 |
|              2 |    1.411E-1 |
|              3 |    1.254E-1 |
|              4 |    4.556E-1 |
|              5 |    3.474E-1 |
|              6 |    4.638E-1 |
|              7 |    5.586E-1 |
|              8 |    4.811E-1 |
|              9 |    3.552E-1 |
|             10 |    2.345E-1 |
|             11 |    1.894E-1 |
|             12 |    1.238E-1 |
|             13 |    1.299E-1 |
|             14 |    7.107E-2 |
|             15 |    1.493E-1 |
|             16 |    6.231E-1 |
|             17 |    6.642E-1 |
|             18 |    7.549E-1 |
|             19 |    6.402E-1 |
|             20 |    5.371E-1 |
|             21 |    5.114E-1 |
|             22 |    7.323E-1 |
|             23 |    6.550E-1 |
|             24 |    5.600E-1 |
|             25 |    4.328E-1 |
|             26 |    4.193E-1 |
|             27 |    4.864E-1 |
|             28 |    3.761E-1 |
|             29 |    3.297E-1 |
|             30 |    2.196E-1 |
|             31 |    3.288E-1 |
|             32 |    7.930E-1 |
|             33 |    7.592E-1 |
|             34 |    7.466E-1 |
|             35 |    6.495E-1 |
|             36 |    6.455E-1 |
|             37 |    6.408E-1 |
|             38 |    5.687E-1 |
|             39 |    9.186E-1 |
|             40 |    9.563E-1 |
|             41 |    9.410E-1 |
|             42 |    9.498E-1 |
|             43 |    9.237E-1 |
|             44 |    8.912E-1 |
|             45 |    8.304E-1 |
|             46 |    7.452E-1 |
|----------------|-------------|
* = p-value corresponds to a zero flow value.


<< Systematic Statistics >>
CAS_2026_5-CASTLEROCK-FLOW-UNREG
----------------------------------------------------------------
|        Log Transform:        |                               |
|          FLOW, CFS           |       Number of Events        |
|------------------------------|-------------------------------|
|  Mean                 4.593  |  Historic Events           0  |
|  Standard Dev         0.179  |  High Outliers          0     |
|  Station Skew        -0.051  |  Low Outliers           0     |
|  Regional Skew        0.000  |  Zero Events            0     |
|  Weighted Skew       -0.029  |  Missing Events         5     |
|  Adopted Skew        -0.029  |  Systematic Events        93  |
|                              |  Historic Period          98  |
|------------------------------|-------------------------------|

--- End of Analytical Frequency Curve ---
