Data:
     Name: CAS_2009_p
     DssPath:/CAS/2009/FLOW-PEAK//IR-CENTURY/peak/
     ShortId:CAS_2009_p
     StudyDSSPath: /CAS/2009/FLOW-PEAK//IR-CENTURY/peak/
End

Data:
     Name: CAS_2009_1
     DssPath:/CAS/2009/FLOW-PEAK//IR-CENTURY/1/
     ShortId:CAS_2009_1
     StudyDSSPath: /CAS/2009/FLOW-PEAK//IR-CENTURY/1/
End

Data:
     Name: CAS_2009
     DssPath:/CAS/2009/FLOW-PEAK//IR-CENTURY/3/
     ShortId:CAS_2009_3
     StudyDSSPath: /CAS/2009/FLOW-PEAK//IR-CENTURY/3/
End

Data:
     Name: CAS_2009_5
     DssPath:/CAS/2009/FLOW-PEAK//IR-CENTURY/5/
     ShortId:CAS_2009_5
     StudyDSSPath: /CAS/2009/FLOW-PEAK//IR-CENTURY/5/
End

Data:
     Name: CAS_2008_p
     DssPath:/CAS/2008/FLOW-PEAK//IR-CENTURY/p/
     ShortId:CAS_2008_p
     StudyDSSPath: /CAS/2008/FLOW-PEAK//IR-CENTURY/p/
End

Data:
     Name: CAS_2008_1
     DssPath:/CAS/2008/FLOW-PEAK//IR-CENTURY/1/
     ShortId:CAS_2008_1
     StudyDSSPath: /CAS/2008/FLOW-PEAK//IR-CENTURY/1/
End

Data:
     Name: CAS_2008_3
     DssPath:/CAS/2008/FLOW-PEAK//IR-CENTURY/3/
     ShortId:CAS_2008_3
     StudyDSSPath: /CAS/2008/FLOW-PEAK//IR-CENTURY/3/
End

Data:
     Name: CAS_2008_5
     DssPath:/CAS/2008/FLOW-PEAK//IR-CENTURY/5/
     ShortId:CAS_2008_5
     StudyDSSPath: /CAS/2008/FLOW-PEAK//IR-CENTURY/5/
End

