-------------------------------
Bulletin 17B Frequency Analysis
    03 Oct 2023   03:35 PM
-------------------------------


--- Input Data ---

Analysis Name: 17b test
Description: 

Data Set Name: CAS_2009_p
DSS File Name: Z:\Mount_St_Helens\Annual_Monitoring\Hydrology\2009_Hydrology_Restudy\HEC-SSP\2009_Restudy\2009_Restudy.dss
DSS Pathname: /CAS/2009/FLOW-PEAK/01jan1900/IR-CENTURY/peak/

Report File Name: Z:\Mount_St_Helens\Annual_Monitoring\Hydrology\2009_Hydrology_Restudy\HEC-SSP\2009_Restudy\Bulletin17Results\17b_test\17b_test.rpt
XML File Name: Z:\Mount_St_Helens\Annual_Monitoring\Hydrology\2009_Hydrology_Restudy\HEC-SSP\2009_Restudy\Bulletin17Results\17b_test\17b_test.xml

Start Date:
End Date:

Skew Option: Use Station Skew
Regional Skew: -Infinity
Regional Skew MSE: -Infinity

Plotting Position Type: Weibull

Upper Confidence Level: 0.05
Lower Confidence Level: 0.95
Use Low Outlier Threshold
Low Outlier Threshold: 30000.0

Display ordinate values using 1 digits in fraction part of value

--- End of Input Data ---


--- Preliminary Results ---

Note: Adopted skew equals station skew and preliminary 
frequency statistics are for the conditional frequency curve 
because of zero or missing events.



<< Frequency Curve >>
CAS_2009_p
---------------------------------------------------------------
|   Computed      |   Percent   |      Confidence Limits      |
|     Curve       |   Chance    |          0.05          0.95 |
|    FLOW, cfs    | Exceedance  |          FLOW, cfs          |
|-----------------|-------------|-----------------------------|
|       233,469.1   |      0.2    |     297,054.5     193,504.1 |
|       202,735.6   |      0.5    |     252,747.4     170,553.0 |
|       180,377.2   |      1.0    |     221,188.3     153,573.3 |
|       158,693.1   |      2.0    |     191,193.8     136,834.8 |
|       130,853.8   |      5.0    |     153,707.4     114,862.4 |
|       110,157.3   |     10.0    |     126,728.9      98,072.3 |
|        89,338.0   |     20.0    |     100,555.9      80,635.4 |
|        59,656.3   |     50.0    |      65,565.7      54,285.6 |
|        39,675.3   |     80.0    |      43,953.3      35,254.6 |
|        32,005.0   |     90.0    |      35,958.9      27,808.1 |
|        26,779.2   |     95.0    |      30,533.7      22,769.4 |
|        19,127.9   |     99.0    |      22,524.0      15,543.4 |
|-----------------|-------------|-----------------------------|


<< Conditional Statistics >>
CAS_2009_p
----------------------------------------------------------------
|        Log Transform:        |                               |
|          FLOW, cfs           |       Number of Events        |
|------------------------------|-------------------------------|
|  Mean                 4.774  |  Historic Events           0  |
|  Standard Dev         0.209  |  High Outliers          0     |
|  Station Skew        -0.036  |  Low Outliers           0     |
|  Regional Skew          ---  |  Zero Events            0     |
|  Weighted Skew          ---  |  Missing Events        11     |
|  Adopted Skew        -0.036  |  Systematic Events        83  |
|------------------------------|-------------------------------|

<< Conditional Probability Adjusted Ordinates >>


<< Frequency Curve >>
CAS_2009_p
---------------------------------------------------------------
|   Computed      |   Percent   |      Confidence Limits      |
|     Curve       |   Chance    |          0.05          0.95 |
|    FLOW, cfs    | Exceedance  |          FLOW, cfs          |
|-----------------|-------------|-----------------------------|
|       228,599.8   |      0.2    |           ---           --- |
|       198,084.6   |      0.5    |           ---           --- |
|       175,871.9   |      1.0    |           ---           --- |
|       154,318.2   |      2.0    |           ---           --- |
|       126,587.4   |      5.0    |           ---           --- |
|       105,907.6   |     10.0    |           ---           --- |
|        84,978.1   |     20.0    |           ---           --- |
|        54,358.0   |     50.0    |           ---           --- |
|        29,900.3   |     80.0    |           ---           --- |
|             ---   |     90.0    |           ---           --- |
|             ---   |     95.0    |           ---           --- |
|             ---   |     99.0    |           ---           --- |
|-----------------|-------------|-----------------------------|

--- End of Preliminary Results ---




----------------------
<< Low Outlier Test >>
----------------------
 Based on 72 events, 10 percent outlier test deviate K(N) = 2.903
                      Computed low outlier test value = 14,667.42

      6 low outlier(s) identified below input threshold of 30,000

Based on statistics after 0 zero events and 11 missing events were deleted.

     Statistics and frequency curve adjusted for 6 low outlier(s)


-----------------------
<< High Outlier Test >>
-----------------------
 Based on 72 events, 10 percent outlier test deviate K(N) = 2.903
                    Computed high outlier test value = 241,255.11

      0 high outlier(s) identified above test value of 241,255.11


<< Conditional Statistics >>
CAS_2009_p
----------------------------------------------------------------
|        Log Transform:        |                               |
|          FLOW, cfs           |       Number of Events        |
|------------------------------|-------------------------------|
|  Mean                 4.810  |  Historic Events           0  |
|  Standard Dev         0.177  |  High Outliers          0     |
|  Station Skew         0.607  |  Low Outliers           6     |
|  Regional Skew          ---  |  Zero Events            0     |
|  Weighted Skew          ---  |  Missing Events        11     |
|  Adopted Skew        -0.036  |  Systematic Events        83  |
|------------------------------|-------------------------------|


Note: Statistics and frequency curve were modified 
using conditional probablity adjustment.




--- Final Results ---

<< Plotting Positions >>
CAS_2009_p
--------------------------------------------------------------------
|     Events Analyzed       |            Ordered Events            |
|                     FLOW  |          Water        FLOW  Weibull  |
| Day Mon Year         cfs  |  Rank     Year         cfs  Plot Pos |
|---------------------------|--------------------------------------|
|  15 Jan 1927    41,100.0  |    1      1996   192,400.0    1.19   |
|  15 Jan 1928    74,000.0  |    2      2007   162,900.0    2.38   |
|  15 Jan 1929    21,800.0  |    3      1978   146,000.0    3.57   |
|  15 Jan 1930    30,200.0  |    4      1934   139,000.0    4.76   |
|  15 Jan 1931    65,900.0  |    5      2009   132,849.0    5.95   |
|  15 Jan 1932    50,800.0  |    6      1976   127,000.0    7.14   |
|  15 Jan 1933    53,000.0  |    7      1990   124,900.0    8.33   |
|  15 Jan 1934   139,000.0  |    8      2003   117,000.0    9.52   |
|  15 Jan 1935    61,800.0  |    9      1974   112,500.0   10.71   |
|  15 Jan 1936    48,200.0  |   10      1972   106,200.0   11.90   |
|  15 Jan 1937    49,000.0  |   11      1991   100,700.0   13.10   |
|  15 Jan 1938    62,900.0  |   12      1997    93,700.0   14.29   |
|  15 Jan 1939    43,600.0  |   13      1947    85,100.0   15.48   |
|  15 Jan 1940    41,900.0  |   14      2000    85,000.0   16.67   |
|  15 Jan 1941    26,400.0  |   15      1965    83,900.0   17.86   |
|  15 Jan 1942    58,100.0  |   16      2006    82,100.0   19.05   |
|  15 Jan 1943    60,500.0  |   17      2002    78,000.0   20.24   |
|  15 Jan 1944    37,100.0  |   18      1999    76,900.0   21.43   |
|  15 Jan 1945    45,300.0  |   19      1973    76,200.0   22.62   |
|  15 Jan 1946    54,700.0  |   20      1928    74,000.0   23.81   |
|  15 Jan 1947    85,100.0  |   21      1995    73,800.0   25.00   |
|  15 Jan 1948    38,500.0  |   22      1954    73,000.0   26.19   |
|  15 Jan 1949    51,500.0  |   23      1964    72,600.0   27.38   |
|  15 Jan 1950    54,800.0  |   24      2005    68,100.0   28.57   |
|  15 Jan 1951    67,200.0  |   25      1956    67,400.0   29.76   |
|  15 Jan 1952    41,400.0  |   26      1951    67,200.0   30.95   |
|  15 Jan 1953    60,000.0  |   27      1963    66,900.0   32.14   |
|  15 Jan 1954    73,000.0  |   28      1931    65,900.0   33.33   |
|  15 Jan 1955    50,100.0  |   29      1967    65,000.0   34.52   |
|  15 Jan 1956    67,400.0  |   30      1961    64,500.0   35.71   |
|  15 Jan 1957    43,200.0  |   31      1938    62,900.0   36.90   |
|  15 Jan 1958    35,200.0  |   32      1960    62,700.0   38.10   |
|  15 Jan 1959    57,800.0  |   33      1935    61,800.0   39.29   |
|  15 Jan 1960    62,700.0  |   34      1943    60,500.0   40.48   |
|  15 Jan 1961    64,500.0  |   35      1953    60,000.0   41.67   |
|  15 Jan 1962    42,100.0  |   36      1988    59,300.0   42.86   |
|  15 Jan 1963    66,900.0  |   37      1942    58,100.0   44.05   |
|  15 Jan 1964    72,600.0  |   38      1969    57,800.0   45.24   |
|  15 Jan 1965    83,900.0  |   39      1959    57,800.0   46.43   |
|  15 Jan 1966    28,800.0  |   40      2004    56,800.0   47.62   |
|  15 Jan 1967    65,000.0  |   41      1970    56,400.0   48.81   |
|  15 Jan 1968    49,500.0  |   42      1950    54,800.0   50.00   |
|  15 Jan 1969    57,800.0  |   43      1946    54,700.0   51.19   |
|  15 Jan 1970    56,400.0  |   44      1975    54,600.0   52.38   |
|  15 Jan 1971    52,500.0  |   45      1933    53,000.0   53.57   |
|  15 Jan 1972   106,200.0  |   46      1971    52,500.0   54.76   |
|  15 Jan 1973    76,200.0  |   47      1949    51,500.0   55.95   |
|  15 Jan 1974   112,500.0  |   48      1932    50,800.0   57.14   |
|  15 Jan 1975    54,600.0  |   49      1955    50,100.0   58.33   |
|  15 Jan 1976   127,000.0  |   50      1968    49,500.0   59.52   |
|  15 Jan 1977         ---  |   51      1937    49,000.0   60.71   |
|  15 Jan 1978   146,000.0  |   52      1936    48,200.0   61.90   |
|  15 Jan 1979         ---  |   53      1945    45,300.0   63.10   |
|  15 Jan 1980         ---  |   54      1992    44,400.0   64.29   |
|  15 Jan 1981         ---  |   55      1939    43,600.0   65.48   |
|  15 Jan 1982         ---  |   56      1957    43,200.0   66.67   |
|  15 Jan 1983         ---  |   57      1962    42,100.0   67.86   |
|  15 Jan 1984         ---  |   58      1940    41,900.0   69.05   |
|  15 Jan 1985         ---  |   59      1952    41,400.0   70.24   |
|  15 Jan 1986         ---  |   60      1927    41,100.0   71.43   |
|  15 Jan 1987         ---  |   61      1948    38,500.0   72.62   |
|  15 Jan 1988    59,300.0  |   62      1944    37,100.0   73.81   |
|  15 Jan 1989    28,000.0  |   63      1958    35,200.0   75.00   |
|  15 Jan 1990   124,900.0  |   64      1993    34,300.0   76.19   |
|  15 Jan 1991   100,700.0  |   65      1998    33,700.0   77.38   |
|  15 Jan 1992    44,400.0  |   66      1930    30,200.0   78.57   |
|  15 Jan 1993    34,300.0  |   67      1966    28,800.0*  79.76   |
|  15 Jan 1994    28,000.0  |   68      1994    28,000.0*  80.95   |
|  15 Jan 1995    73,800.0  |   69      1989    28,000.0*  82.14   |
|  15 Jan 1996   192,400.0  |   70      1941    26,400.0*  83.33   |
|  15 Jan 1997    93,700.0  |   71      1929    21,800.0*  84.52   |
|  15 Jan 1998    33,700.0  |   72      2001    14,600.0*  85.71   |
|  15 Jan 1999    76,900.0  |   73      2008         ---   86.90   |
|  15 Jan 2000    85,000.0  |   74      1987         ---   88.10   |
|  15 Jan 2001    14,600.0  |   75      1986         ---   89.29   |
|  15 Jan 2002    78,000.0  |   76      1985         ---   90.48   |
|  15 Jan 2003   117,000.0  |   77      1984         ---   91.67   |
|  15 Jan 2004    56,800.0  |   78      1983         ---   92.86   |
|  15 Jan 2005    68,100.0  |   79      1982         ---   94.05   |
|  15 Jan 2006    82,100.0  |   80      1981         ---   95.24   |
|  15 Jan 2007   162,900.0  |   81      1980         ---   96.43   |
|  15 Jan 2008         ---  |   82      1979         ---   97.62   |
|  15 Jan 2009   132,849.0  |   83      1977         ---   98.81   |
|---------------------------|--------------------------------------|
                                                        * Outlier



<< Skew Weighting >>
-----------------------------------------------------------------
Based on 83 events, mean-square error of station skew =     0.086
Mean-square error of regional skew =                           -?
-----------------------------------------------------------------


<< Frequency Curve >>
CAS_2009_p
---------------------------------------------------------------
|   Computed      |   Percent   |      Confidence Limits      |
|     Curve       |   Chance    |          0.05          0.95 |
|    FLOW, cfs    | Exceedance  |          FLOW, cfs          |
|-----------------|-------------|-----------------------------|
|       266,662.2   |      0.2    |     340,950.4     219,722.7 |
|       219,989.8   |      0.5    |     274,000.2     184,881.8 |
|       188,581.4   |      1.0    |     230,099.5     160,945.1 |
|       160,138.3   |      2.0    |     191,282.3     138,844.6 |
|       126,488.0   |      5.0    |     146,738.4     112,029.3 |
|       103,528.5   |     10.0    |     117,411.1      93,168.4 |
|        82,171.8   |     20.0    |      91,154.5      75,017.0 |
|        54,659.7   |     50.0    |      59,428.4      50,221.9 |
|        37,977.6   |     80.0    |      41,637.2      34,183.9 |
|        31,923.7   |     90.0    |      35,373.7      28,266.0 |
|        27,891.4   |     95.0    |      31,219.7      24,336.7 |
|        22,082.5   |     99.0    |      25,217.4      18,738.8 |
|-----------------|-------------|-----------------------------|


<< Synthetic Statistics >>
CAS_2009_p
----------------------------------------------------------------
|        Log Transform:        |                               |
|          FLOW, cfs           |       Number of Events        |
|------------------------------|-------------------------------|
|  Mean                 4.751  |  Historic Events           0  |
|  Standard Dev         0.201  |  High Outliers          0     |
|  Station Skew         0.400  |  Low Outliers           6     |
|  Regional Skew          ---  |  Zero Events            0     |
|  Weighted Skew          ---  |  Missing Events        11     |
|  Adopted Skew         0.400  |  Systematic Events        83  |
|------------------------------|-------------------------------|

--- End of Analytical Frequency Curve ---
